// Jest Snapshot v1, https://goo.gl/fbAQLP

exports[`application renders as expected 1`] = `
<div>
  <div>
    <h1>
      Movie database
    </h1>
    <ul>
      <li>
        <a
          href="/movies"
        >
          List movies
        </a>
      </li>
      <li>
        <a
          href="/movies/new"
        >
          Add movie
        </a>
      </li>
    </ul>
  </div>
</div>
`;
