// Jest Snapshot v1, https://goo.gl/fbAQLP

exports[`movies renders movie list 1`] = `
<div>
  <div>
    <h1>
      All movies
    </h1>
    <div>
      Gattaca
    </div>
    <div>
      Minority Report
    </div>
  </div>
</div>
`;

exports[`movies renders new movie form 1`] = `
<div>
  <form>
    <h1>
      Add movie
    </h1>
    <div>
      Title:
       
      <input
        data-testid="title"
        value=""
      />
    </div>
    <div>
      Year:
       
      <input
        data-testid="year"
        value=""
      />
    </div>
    <div>
      Plot:
      <div>
        <textarea
          data-testid="plot"
        />
      </div>
    </div>
  </form>
</div>
`;
